2026-08-24T04:41:14Z [Info] [carb] Logging to file: /isaac-sim/kit/logs/Kit/Isaac-Sim Python/6.0/kit_20260824_044114.log
[0.127s] [ext: omni.assets.plugins-0.0.0] startup
[0.129s] [ext: omni.blobkey-1.1.2] startup
[0.130s] [ext: omni.kit.async_engine-0.0.3] startup
[1.175s] [ext: omni.client.lib-1.1.1] startup
[1.220s] [ext: omni.client-1.3.0] startup
2026-08-24T04:41:15Z [1,235ms] [Warning] [carb.omniclient.plugin]  34: OmniHub: ThreadId(02) Hub encountered error. Trying to reconnect to Hub. retry_reason="Hub failed to launch: Io(\"child exited with exit status: 1 without writing file \\\"/tmp/hub-isaac-sim-44782D2F.config.json\\\"\")"
2026-08-24T04:41:15Z [1,307ms] [Warning] [carb.omniclient.plugin]  34: OmniHub: ThreadId(02) Hub encountered error. Trying to reconnect to Hub. retry_reason="Hub failed to launch: Io(\"child exited with exit status: 1 without writing file \\\"/tmp/hub-isaac-sim-44782D2F.config.json\\\"\")"
2026-08-24T04:41:16Z [1,388ms] [Warning] [carb.omniclient.plugin]  34: OmniHub: ThreadId(02) Hub encountered error. Trying to reconnect to Hub. retry_reason="Hub failed to launch: Io(\"child exited with exit status: 1 without writing file \\\"/tmp/hub-isaac-sim-44782D2F.config.json\\\"\")"
2026-08-24T04:41:16Z [1,480ms] [Warning] [carb.omniclient.plugin]  34: OmniHub: ThreadId(02) Hub encountered error. Trying to reconnect to Hub. retry_reason="Hub failed to launch: Io(\"child exited with exit status: 1 without writing file \\\"/tmp/hub-isaac-sim-44782D2F.config.json\\\"\")"
2026-08-24T04:41:16Z [1,582ms] [Warning] [carb.omniclient.plugin]  34: OmniHub: ThreadId(02) Hub encountered error. Trying to reconnect to Hub. retry_reason="Hub failed to launch: Io(\"child exited with exit status: 1 without writing file \\\"/tmp/hub-isaac-sim-44782D2F.config.json\\\"\")"
2026-08-24T04:41:16Z [1,692ms] [Warning] [carb.omniclient.plugin]  34: OmniHub: ThreadId(02) Hub encountered error. Trying to reconnect to Hub. retry_reason="Hub failed to launch: Io(\"child exited with exit status: 1 without writing file \\\"/tmp/hub-isaac-sim-44782D2F.config.json\\\"\")"
2026-08-24T04:41:16Z [1,814ms] [Warning] [carb.omniclient.plugin]  34: OmniHub: ThreadId(02) Hub encountered error. Trying to reconnect to Hub. retry_reason="Hub failed to launch: Io(\"child exited with exit status: 1 without writing file \\\"/tmp/hub-isaac-sim-44782D2F.config.json\\\"\")"
2026-08-24T04:41:16Z [1,946ms] [Warning] [carb.omniclient.plugin]  34: OmniHub: ThreadId(02) Hub encountered error. Trying to reconnect to Hub. retry_reason="Hub failed to launch: Io(\"child exited with exit status: 1 without writing file \\\"/tmp/hub-isaac-sim-44782D2F.config.json\\\"\")"
2026-08-24T04:41:16Z [2,087ms] [Warning] [carb.omniclient.plugin]  34: OmniHub: ThreadId(02) Hub encountered error. Trying to reconnect to Hub. retry_reason="Hub failed to launch: Io(\"child exited with exit status: 1 without writing file \\\"/tmp/hub-isaac-sim-44782D2F.config.json\\\"\")"
2026-08-24T04:41:16Z [2,239ms] [Warning] [carb.omniclient.plugin]  34: OmniHub: ThreadId(02) Hub encountered error. Trying to reconnect to Hub. retry_reason="Hub failed to launch: Io(\"child exited with exit status: 1 without writing file \\\"/tmp/hub-isaac-sim-44782D2F.config.json\\\"\")"
2026-08-24T04:41:17Z [2,401ms] [Warning] [carb.omniclient.plugin]  34: OmniHub: ThreadId(02) Hub encountered error. Trying to reconnect to Hub. retry_reason="Hub failed to launch: Io(\"child exited with exit status: 1 without writing file \\\"/tmp/hub-isaac-sim-44782D2F.config.json\\\"\")"
2026-08-24T04:41:17Z [2,571ms] [Warning] [carb.omniclient.plugin]  34: OmniHub: ThreadId(02) Hub encountered error. Trying to reconnect to Hub. retry_reason="Hub failed to launch: Io(\"child exited with exit status: 1 without writing file \\\"/tmp/hub-isaac-sim-44782D2F.config.json\\\"\")"
2026-08-24T04:41:17Z [2,753ms] [Warning] [carb.omniclient.plugin]  34: OmniHub: ThreadId(02) Hub encountered error. Trying to reconnect to Hub. retry_reason="Hub failed to launch: Io(\"child exited with exit status: 1 without writing file \\\"/tmp/hub-isaac-sim-44782D2F.config.json\\\"\")"
2026-08-24T04:41:17Z [2,945ms] [Warning] [carb.omniclient.plugin]  34: OmniHub: ThreadId(02) Hub encountered error. Trying to reconnect to Hub. retry_reason="Hub failed to launch: Io(\"child exited with exit status: 1 without writing file \\\"/tmp/hub-isaac-sim-44782D2F.config.json\\\"\")"
2026-08-24T04:41:17Z [3,146ms] [Warning] [carb.omniclient.plugin]  34: OmniHub: ThreadId(02) Hub encountered error. Trying to reconnect to Hub. retry_reason="Hub failed to launch: Io(\"child exited with exit status: 1 without writing file \\\"/tmp/hub-isaac-sim-44782D2F.config.json\\\"\")"
2026-08-24T04:41:18Z [3,358ms] [Warning] [carb.omniclient.plugin]  34: OmniHub: ThreadId(02) Hub encountered error. Trying to reconnect to Hub. retry_reason="Hub failed to launch: Io(\"child exited with exit status: 1 without writing file \\\"/tmp/hub-isaac-sim-44782D2F.config.json\\\"\")"
2026-08-24T04:41:18Z [3,580ms] [Warning] [carb.omniclient.plugin]  34: OmniHub: ThreadId(02) Hub encountered error. Trying to reconnect to Hub. retry_reason="Hub failed to launch: Io(\"child exited with exit status: 1 without writing file \\\"/tmp/hub-isaac-sim-44782D2F.config.json\\\"\")"
2026-08-24T04:41:18Z [3,812ms] [Warning] [carb.omniclient.plugin]  34: OmniHub: ThreadId(02) Hub encountered error. Trying to reconnect to Hub. retry_reason="Hub failed to launch: Io(\"child exited with exit status: 1 without writing file \\\"/tmp/hub-isaac-sim-44782D2F.config.json\\\"\")"
2026-08-24T04:41:18Z [4,052ms] [Warning] [carb.omniclient.plugin]  34: OmniHub: ThreadId(02) Hub encountered error. Trying to reconnect to Hub. retry_reason="Hub failed to launch: Io(\"child exited with exit status: 1 without writing file \\\"/tmp/hub-isaac-sim-44782D2F.config.json\\\"\")"
2026-08-24T04:41:18Z [4,304ms] [Warning] [carb.omniclient.plugin]  34: OmniHub: ThreadId(02) Hub encountered error. Trying to reconnect to Hub. retry_reason="Hub failed to launch: Io(\"child exited with exit status: 1 without writing file \\\"/tmp/hub-isaac-sim-44782D2F.config.json\\\"\")"
2026-08-24T04:41:19Z [4,566ms] [Warning] [carb.omniclient.plugin]  34: OmniHub: ThreadId(02) Hub encountered error. Trying to reconnect to Hub. retry_reason="Hub failed to launch: Io(\"child exited with exit status: 1 without writing file \\\"/tmp/hub-isaac-sim-44782D2F.config.json\\\"\")"
2026-08-24T04:41:19Z [4,838ms] [Warning] [carb.omniclient.plugin]  34: OmniHub: ThreadId(02) Hub encountered error. Trying to reconnect to Hub. retry_reason="Hub failed to launch: Io(\"child exited with exit status: 1 without writing file \\\"/tmp/hub-isaac-sim-44782D2F.config.json\\\"\")"
2026-08-24T04:41:19Z [5,120ms] [Warning] [carb.omniclient.plugin]  34: OmniHub: ThreadId(02) Hub encountered error. Trying to reconnect to Hub. retry_reason="Hub failed to launch: Io(\"child exited with exit status: 1 without writing file \\\"/tmp/hub-isaac-sim-44782D2F.config.json\\\"\")"
2026-08-24T04:41:20Z [5,411ms] [Warning] [carb.omniclient.plugin]  34: OmniHub: ThreadId(02) Hub encountered error. Trying to reconnect to Hub. retry_reason="Hub failed to launch: Io(\"child exited with exit status: 1 without writing file \\\"/tmp/hub-isaac-sim-44782D2F.config.json\\\"\")"
2026-08-24T04:41:20Z [5,712ms] [Warning] [carb.omniclient.plugin]  34: OmniHub: ThreadId(02) Hub encountered error. Trying to reconnect to Hub. retry_reason="Hub failed to launch: Io(\"child exited with exit status: 1 without writing file \\\"/tmp/hub-isaac-sim-44782D2F.config.json\\\"\")"
2026-08-24T04:41:20Z [6,022ms] [Warning] [carb.omniclient.plugin]  34: OmniHub: ThreadId(02) Hub encountered error. Trying to reconnect to Hub. retry_reason="Hub failed to launch: Io(\"child exited with exit status: 1 without writing file \\\"/tmp/hub-isaac-sim-44782D2F.config.json\\\"\")"
2026-08-24T04:41:21Z [6,344ms] [Warning] [carb.omniclient.plugin]  34: OmniHub: ThreadId(02) Hub encountered error. Trying to reconnect to Hub. retry_reason="Hub failed to launch: Io(\"child exited with exit status: 1 without writing file \\\"/tmp/hub-isaac-sim-44782D2F.config.json\\\"\")"
2026-08-24T04:41:21Z [6,676ms] [Warning] [carb.omniclient.plugin]  34: OmniHub: ThreadId(02) Hub encountered error. Trying to reconnect to Hub. retry_reason="Hub failed to launch: Io(\"child exited with exit status: 1 without writing file \\\"/tmp/hub-isaac-sim-44782D2F.config.json\\\"\")"
WARNING: All log messages before absl::InitializeLog() is called are written to STDERR
E0000 00:00:1787546486.120056      12 descriptor_database.cc:633] File already exists in database: grpc/health/v1/health.proto
W0000 00:00:1787546486.120096      12 message.cc:301] Protobuf GeneratedMessageFactory: File is already registered: grpc/health/v1/health.proto
2026-08-24T04:41:21Z [7,018ms] [Warning] [carb.omniclient.plugin]  34: OmniHub: ThreadId(02) Hub encountered error. Trying to reconnect to Hub. retry_reason="Hub failed to launch: Io(\"child exited with exit status: 1 without writing file \\\"/tmp/hub-isaac-sim-44782D2F.config.json\\\"\")"
2026-08-24T04:41:22Z [7,370ms] [Warning] [carb.omniclient.plugin]  34: OmniHub: ThreadId(02) Hub encountered error. Trying to reconnect to Hub. retry_reason="Hub failed to launch: Io(\"child exited with exit status: 1 without writing file \\\"/tmp/hub-isaac-sim-44782D2F.config.json\\\"\")"
2026-08-24T04:41:22Z [7,732ms] [Warning] [carb.omniclient.plugin]  34: OmniHub: ThreadId(02) Hub encountered error. Trying to reconnect to Hub. retry_reason="Hub failed to launch: Io(\"child exited with exit status: 1 without writing file \\\"/tmp/hub-isaac-sim-44782D2F.config.json\\\"\")"
2026-08-24T04:41:22Z [8,104ms] [Warning] [carb.omniclient.plugin]  34: OmniHub: ThreadId(02) Hub encountered error. Trying to reconnect to Hub. retry_reason="Hub failed to launch: Io(\"child exited with exit status: 1 without writing file \\\"/tmp/hub-isaac-sim-44782D2F.config.json\\\"\")"
2026-08-24T04:41:23Z [8,485ms] [Warning] [carb.omniclient.plugin]  34: OmniHub: ThreadId(02) Hub encountered error. Trying to reconnect to Hub. retry_reason="Hub failed to launch: Io(\"child exited with exit status: 1 without writing file \\\"/tmp/hub-isaac-sim-44782D2F.config.json\\\"\")"
2026-08-24T04:41:23Z [8,876ms] [Warning] [carb.omniclient.plugin]  34: OmniHub: ThreadId(02) Hub encountered error. Trying to reconnect to Hub. retry_reason="Hub failed to launch: Io(\"child exited with exit status: 1 without writing file \\\"/tmp/hub-isaac-sim-44782D2F.config.json\\\"\")"
2026-08-24T04:41:23Z [9,276ms] [Warning] [carb.omniclient.plugin]  34: OmniHub: ThreadId(02) Hub encountered error. Trying to reconnect to Hub. retry_reason="Hub failed to launch: Io(\"child exited with exit status: 1 without writing file \\\"/tmp/hub-isaac-sim-44782D2F.config.json\\\"\")"
2026-08-24T04:41:24Z [9,688ms] [Warning] [carb.omniclient.plugin]  34: OmniHub: ThreadId(02) Hub encountered error. Trying to reconnect to Hub. retry_reason="Hub failed to launch: Io(\"child exited with exit status: 1 without writing file \\\"/tmp/hub-isaac-sim-44782D2F.config.json\\\"\")"
2026-08-24T04:41:24Z [10,109ms] [Warning] [carb.omniclient.plugin]  34: OmniHub: ThreadId(02) Hub encountered error. Trying to reconnect to Hub. retry_reason="Hub failed to launch: Io(\"child exited with exit status: 1 without writing file \\\"/tmp/hub-isaac-sim-44782D2F.config.json\\\"\")"
2026-08-24T04:41:25Z [10,540ms] [Warning] [carb.omniclient.plugin]  34: OmniHub: ThreadId(02) Hub encountered error. Trying to reconnect to Hub. retry_reason="Hub failed to launch: Io(\"child exited with exit status: 1 without writing file \\\"/tmp/hub-isaac-sim-44782D2F.config.json\\\"\")"
2026-08-24T04:41:25Z [10,981ms] [Warning] [carb.omniclient.plugin]  34: OmniHub: ThreadId(02) Hub encountered error. Trying to reconnect to Hub. retry_reason="Hub failed to launch: Io(\"child exited with exit status: 1 without writing file \\\"/tmp/hub-isaac-sim-44782D2F.config.json\\\"\")"
[11.476s] [ext: omni.protobuf.lib-1.0.0] startup
[11.478s] [ext: omni.grpc.lib-1.0.0] startup
[11.486s] [ext: omni.metrics.core-0.0.3] startup
[11.487s] [ext: omni.datastore-0.0.0] startup
[11.488s] [ext: omni.gpu_foundation.shadercache.vulkan-1.0.0] startup
[11.521s] [ext: omni.hsscclient-1.1.4] startup
[11.525s] [ext: omni.stats-1.0.1] startup
[11.530s] [ext: omni.ujitso.default-1.0.0] startup
[11.540s] [ext: omni.gpu_foundation-0.0.0] startup
[11.983s] [ext: carb.windowing.plugins-1.0.1] startup
[11.984s] [ext: omni.kit.renderer.init-1.0.1] startup
2026-08-24T04:41:26Z [11,977ms] [Warning] [omni.platforminfo.plugin] failed to open the default display.  Can't verify X Server version.

|---------------------------------------------------------------------------------------------|
| Driver Version: 580.173.02    | Graphics API: Vulkan
|=============================================================================================|
| GPU | Name                             | Active | LDA | GPU Memory | Vendor-ID | LUID       |
|     |                                  |        |     |            | Device-ID | UUID       |
|     |                                  |        |     |            | Bus-ID    |            |
|---------------------------------------------------------------------------------------------|
| 0   | NVIDIA L4                        | Yes: 0 |     | 23034   MB | 10de      | 0          |
|     |                                  |        |     |            | 27b8      | 606c1b0f.. |
|     |                                  |        |     |            | 0         |            |
|=============================================================================================|
| OS: 24.04.3 LTS (Noble Numbat) ubuntu, Version: 24.04.3, Kernel: 6.17.0-1022-gcp
| Processor: Intel(R) Xeon(R) CPU @ 2.20GHz
| Cores: 4 | Logical Cores: 8
|---------------------------------------------------------------------------------------------|
| Total Memory (MB): 32090 | Free Memory: 29544
| Total Page/Swap (MB): 0 | Free Page/Swap: 0
|---------------------------------------------------------------------------------------------|
2026-08-24T04:41:28Z [13,517ms] [Warning] [omni.rtx] ECC is enabled on physical device 0
[13.839s] [ext: omni.kit.pipapi-0.0.0] startup
[13.850s] [ext: omni.kit.pip_archive-0.0.0] startup
[13.855s] [ext: isaacsim.pip.newton-0.6.1] startup
[13.860s] [ext: omni.pip.compute-1.9.2] startup
[13.864s] [ext: omni.isaac.core_archive-5.3.1] startup
[13.869s] [ext: omni.kit.telemetry-0.5.2] startup
[13.927s] [ext: omni.kit.loop-isaac-1.6.0] startup
[13.935s] [ext: omni.kit.test-2.0.7] startup
[14.571s] [ext: omni.materialx.libs-1.0.9] startup
[14.591s] [ext: omni.gpucompute.plugins-0.0.0] startup
[14.592s] [ext: omni.usd.config-1.0.7] startup
[14.605s] [ext: omni.usd.libs-1.0.3] startup
[14.764s] [ext: omni.iray.libs-0.0.1] startup
[14.772s] [ext: omni.mdl-57.0.3] startup
[15.424s] [ext: omni.mdl.neuraylib-0.2.20] startup
[15.455s] [ext: omni.kit.usd.mdl-1.1.9] startup
[15.689s] [ext: omni.appwindow-1.2.2] startup
[15.696s] [ext: omni.kit.renderer.core-1.2.2] startup
2026-08-24T04:41:30Z [15,845ms] [Warning] [carb.windowing-glfw.plugin] GLFW initialization failed.
2026-08-24T04:41:30Z [15,845ms] [Warning] [carb] Failed to startup plugin carb.windowing-glfw.plugin (interfaces: [carb::windowing::IGLContext v1.0],[carb::windowing::IWindowing v1.5]) (impl: carb.windowing-glfw.plugin)
[15.922s] [ext: omni.kit.renderer.capture-2.0.1] startup
[15.934s] [ext: omni.kit.renderer.imgui-2.0.6] startup
2026-08-24T04:41:30Z [15,898ms] [Warning] [carb.windowing-glfw.plugin] GLFW initialization failed.
2026-08-24T04:41:30Z [15,898ms] [Warning] [carb] Failed to startup plugin carb.windowing-glfw.plugin (interfaces: [carb::windowing::IGLContext v1.0],[carb::windowing::IWindowing v1.5]) (impl: carb.windowing-glfw.plugin)
2026-08-24T04:41:30Z [15,902ms] [Warning] [carb.windowing-glfw.plugin] GLFW initialization failed.
2026-08-24T04:41:30Z [15,902ms] [Warning] [carb] Failed to startup plugin carb.windowing-glfw.plugin (interfaces: [carb::windowing::IGLContext v1.0],[carb::windowing::IWindowing v1.5]) (impl: carb.windowing-glfw.plugin)
[16.086s] [ext: omni.ui-3.2.0] startup
[16.121s] [ext: omni.kit.mainwindow-1.0.3] startup
[16.131s] [ext: carb.audio-0.1.0] startup
[16.136s] [ext: omni.uiaudio-1.0.0] startup
[16.144s] [ext: omni.kit.uiapp-0.0.0] startup
[16.144s] [ext: omni.usd.schema.metrics.assembler-110.1.0] startup
[16.157s] [ext: omni.usd.schema.audio-0.0.1] startup
[16.170s] [ext: omni.usd_resolver-1.0.0] startup
[16.183s] [ext: omni.usd.core-1.8.3] startup
[16.189s] [ext: omni.metropolis.schema-0.0.3] startup
[16.196s] [ext: isaacsim.anim.robot.schema-0.1.1] startup
[16.204s] [ext: omni.usd.schema.anim-0.0.1] startup
[16.253s] [ext: omni.usd.schema.geospatial-0.0.1] startup
[16.266s] [ext: omni.usd.schema.omnigraph-1.0.1] startup
[16.284s] [ext: omni.usd.schema.semantics-0.0.0] startup
[16.295s] [ext: omni.activity.core-1.0.3] startup
[16.302s] [ext: omni.cubric-0.1.0] startup
[16.303s] [ext: omni.graph.exec-0.9.6] startup
[16.304s] [ext: omni.hydra.scene_delegate-0.3.5] startup
[16.310s] [ext: usdrt.scenegraph-7.6.3] startup
[16.394s] [ext: omni.hydra.usdrt_delegate-7.5.2] startup
[16.410s] [ext: omni.inspect-1.0.2] startup
[16.418s] [ext: omni.kit.actions.core-1.0.0] startup
[16.429s] [ext: omni.kit.audiodeviceenum-1.0.2] startup
[16.437s] [ext: omni.kit.commands-1.5.0] startup
[16.465s] [ext: omni.kit.exec.core-0.13.5] startup
[16.477s] [ext: omni.kit.usd_undo-0.1.8] startup
[16.484s] [ext: omni.kit.window.popup_dialog-2.0.25] startup
[16.509s] [ext: omni.kit.widget.nucleus_connector-2.3.1] startup
[16.546s] [ext: omni.timeline-1.1.0] startup
[16.554s] [ext: omni.usd-1.16.0] startup
[16.765s] [ext: omni.graph.core-3.1.2] startup
[16.771s] [ext: omni.kit.notification_manager-1.0.11] startup
[16.788s] [ext: isaacsim.core.deprecation_manager-0.4.2] startup
[16.797s] [ext: isaacsim.replicator.agent.schema-0.1.1] startup
[16.805s] [ext: isaacsim.robot.schema-6.3.7] startup
[16.843s] [ext: isaacsim.robot_motion.schema-0.2.1] startup
[16.852s] [ext: omni.anim.behavior.schema-110.1.0] startup
[16.867s] [ext: omni.anim.graph.schema-110.1.1] startup
[16.887s] [ext: omni.anim.navigation.schema-110.1.0] startup
[16.900s] [ext: omni.behavior.tree.schema-110.1.0] startup
[16.908s] [ext: omni.isaac.ml_archive-3.3.0] startup
[16.914s] [ext: omni.kit.asset_converter-6.0.1] startup
[16.959s] [ext: omni.pip.cloud-1.5.4] startup
[16.999s] [ext: omni.usd.schema.flow-110.0.0] startup
[17.005s] [ext: omni.usd.schema.mujoco-1.1.1] startup
[17.011s] [ext: omni.usd.schema.newton-1.2.1] startup
[17.019s] [ext: omni.usd.schema.omni_lens_distortion-1.0.0] startup
[17.026s] [ext: omni.usd.schema.omni_projectors-1.0.0] startup
[17.031s] [ext: omni.usd.schema.omni_sensors-0.0.0] startup
[17.055s] [ext: omni.usd.schema.omniscripting-1.0.1] startup
[17.071s] [ext: omni.usd.schema.physical_lighting-0.1.0] startup
[17.085s] [ext: omni.usd.schema.physx-110.1.13] startup
[17.170s] [ext: omni.usd.schema.render_settings.rtx-1.0.2] startup
[17.186s] [ext: omni.usd.schema.usd_particle_field-1.0.0] startup
[17.192s] [ext: isaacsim.core.version-2.1.1] startup
[17.200s] [ext: omni.kit.menu.core-1.2.0] startup
[17.213s] [ext: omni.kit.menu.utils-2.2.4] startup
[17.290s] [ext: isaacsim.app.about-2.3.1] startup
[17.315s] [ext: isaacsim.asset.transformer-1.2.5] startup
[17.335s] [ext: omni.scene.optimizer.core-110.1.0] startup
[17.467s] [ext: isaacsim.asset.importer.utils-1.8.1] startup
[17.493s] [ext: omni.convexdecomposition-110.1.13] startup
[17.502s] [ext: omni.physics-110.1.13] startup
[17.515s] [ext: omni.physx.gpu-110.1.13] startup
[17.515s] [ext: omni.physx.foundation-110.1.13] startup
[17.524s] [ext: omni.usdphysics-110.1.13] startup
[17.532s] [ext: omni.physx.cooking-110.1.13] startup
[17.542s] [ext: omni.physx-110.1.13] startup
[17.589s] [ext: omni.physics.physx-110.1.13] startup
[17.598s] [ext: isaacsim.asset.exporter.urdf-2.0.5] startup
[17.663s] [ext: omni.kit.clipboard-1.1.1] startup
[17.670s] [ext: omni.kit.usd.layers-2.6.1] startup
[17.735s] [ext: omni.kit.widget.context_menu-1.4.0] startup
[17.751s] [ext: omni.kit.context_menu-1.9.0] startup
[17.773s] [ext: omni.kit.helper.file_utils-0.1.10] startup
[17.787s] [ext: omni.kit.widget.nucleus_info-2.0.2] startup
[17.795s] [ext: omni.kit.search_core-1.0.8] startup
[17.803s] [ext: omni.kit.widget.path_field-2.0.13] startup
[17.817s] [ext: omni.kit.widget.browser_bar-2.0.10] startup
[17.828s] [ext: omni.kit.widget.filebrowser-2.13.4] startup
[17.888s] [ext: omni.kit.widget.options_menu-1.1.6] startup
[17.914s] [ext: omni.kit.widget.options_button-1.0.3] startup
[17.923s] [ext: omni.kit.widget.search_delegate-1.0.9] startup
[17.938s] [ext: omni.ui.scene-2.0.3] startup
[17.953s] [ext: omni.kit.window.filepicker-2.15.5] startup
[18.125s] [ext: omni.kit.window.file_importer-1.1.21] startup
[18.141s] [ext: omni.kit.material.library-3.1.2] startup
[18.232s] [ext: isaacsim.asset.transformer.rules-1.7.10] startup
[18.387s] [ext: omni.usdex.libs-2.2.2] startup
[18.413s] [ext: isaacsim.asset.importer.mjcf-3.10.1] startup
[18.429s] [ext: isaacsim.asset.importer.urdf-3.11.2] startup
[18.462s] [ext: omni.kit.primitive.mesh-1.1.0] startup
[18.496s] [ext: omni.kit.stage_template.core-1.1.22] startup
[18.506s] [ext: omni.kit.stage_templates-2.0.2] startup
[18.523s] [ext: omni.usd.metrics.assembler-110.1.2] startup
[18.537s] [ext: omni.warp.core-1.13.0] startup
[19.470s] [ext: isaacsim.core.experimental.utils-0.17.2] startup
[19.481s] [ext: omni.physics.stageupdate-110.1.13] startup
[19.494s] [ext: omni.physics.tensors-110.1.13] startup
[19.540s] [ext: omni.physx.tensors-110.1.13] startup
[19.548s] [ext: isaacsim.core.simulation_manager-1.15.6] startup
[19.629s] [ext: isaacsim.storage.native-1.9.3] startup
[19.658s] [ext: omni.usd.metrics.assembler.physics-110.1.13] startup
[19.696s] [ext: isaacsim.core.utils-4.1.7] startup
[19.723s] [ext: isaacsim.core.prims-0.11.7] startup
[25.691s] [ext: isaacsim.core.api-5.2.13] startup
[25.811s] [ext: isaacsim.core.cloner-1.7.3] startup
[25.826s] [ext: isaacsim.test.docstring-1.3.2] startup
[25.887s] [ext: isaacsim.core.experimental.prims-1.8.9] startup
[26.036s] [ext: isaacsim.core.experimental.primdata-0.3.2] startup
[26.043s] [ext: omni.graph.tools-1.81.0] startup
[26.309s] [ext: omni.graph-1.142.5] startup
[26.549s] [ext: isaacsim.core.experimental.actuators-0.1.2] startup
[26.628s] [ext: isaacsim.core.experimental.materials-0.7.1] startup
[26.677s] [ext: isaacsim.core.experimental.objects-0.8.1] startup
[27.261s] [ext: omni.hydra.engine.stats-1.0.5] startup
[27.274s] [ext: omni.hydra.rtx.shadercache.vulkan-1.0.0] startup
[27.287s] [ext: omni.index.libs-387500.4413.0] startup
[27.287s] [ext: omni.index-1.0.1] startup
[27.288s] [ext: omni.ujitso.client-0.0.0] startup
[27.289s] [ext: omni.usd.schema.playback-1.0.0] startup
[27.306s] [ext: omni.volume-0.5.2] startup
[27.320s] [ext: omni.hydra.rtx-1.0.4] startup
2026-08-24T04:41:41Z [27,306ms] [Warning] [omni.log] Source: omni.hydra was already registered.
[27.385s] [ext: omni.kit.hydra_texture-1.6.0] startup
[27.401s] [ext: omni.kit.raycast.query-1.2.0] startup
[27.420s] [ext: omni.kit.viewport.legacy_gizmos-1.0.24] startup
[27.434s] [ext: omni.kit.viewport.registry-104.0.6] startup
[27.445s] [ext: omni.kit.viewport.scene_camera_model-1.0.7] startup
[27.462s] [ext: omni.kit.widget.viewport-109.2.0] startup
[27.530s] [ext: omni.kit.window.drop_support-1.0.8] startup
[27.542s] [ext: omni.kit.viewport.window-109.0.2] startup
[27.651s] [ext: omni.kit.viewport.utility-2.0.1] startup
[27.669s] [ext: isaacsim.core.rendering_manager-0.4.3] startup
[27.740s] [ext: omni.graph.action_core-1.1.9] startup
[27.755s] [ext: omni.graph.action_nodes_core-2.11.0] startup
[27.771s] [ext: omni.graph.action_nodes-2.11.0] startup
[27.987s] [ext: omni.graph.action-2.10.2] startup
[27.998s] [ext: omni.graph.image.core-0.6.1] startup
[28.000s] [ext: omni.graph.image.nodes-1.3.1] startup
[28.002s] [ext: omni.graph.nodes_core-2.11.0] startup
[28.022s] [ext: omni.graph.nodes-2.12.0] startup
[28.043s] [ext: omni.kit.hotkeys.core-1.3.12] startup
[28.045s] [ext: omni.kit.property.adapter.core-1.1.1] startup
[28.064s] [ext: omni.kit.property.adapter.usd-1.0.5] startup
[28.079s] [ext: omni.kit.widget.filter-1.1.5] startup
[28.092s] [ext: omni.kit.widget.highlight_label-1.0.3] startup
[28.104s] [ext: omni.kit.widget.searchfield-1.1.8] startup
[28.122s] [ext: omni.kit.window.file_exporter-1.0.36] startup
[28.136s] [ext: omni.kit.widget.stage-4.4.0] startup
[28.235s] [ext: omni.kit.window.content_browser_registry-0.0.6] startup
[28.247s] [ext: omni.kit.window.file-2.0.10] startup
[28.284s] [ext: omni.kit.window.content_browser-3.1.8] startup
[28.336s] [ext: omni.kit.window.property-1.15.1] startup
[28.504s] [ext: omni.kit.property.usd-4.9.4] startup
[28.664s] [ext: omni.graph.scriptnode-2.10.2] startup
[28.709s] [ext: omni.kit.widget.searchable_combobox-1.0.7] startup
[28.724s] [ext: omni.kit.widget.settings-2.0.0] startup
[28.766s] [ext: omni.kit.window.preferences-1.8.3] startup
[28.830s] [ext: omni.kit.viewport.menubar.core-107.2.2] startup
[28.931s] [ext: omni.syntheticdata-0.6.15] startup
[29.084s] [ext: omni.replicator.nv-1.1.1] startup
[29.113s] [ext: omni.videoencoding-0.2.1] startup
[29.129s] [ext: omni.replicator.core-1.13.27] startup
2026-08-24T04:41:43Z [29,229ms] [Warning] [pxr.Semantics] pxr.Semantics is deprecated - please use Semantics instead
2026-08-24T04:41:44Z [29,600ms] [Warning] [omni.replicator.core.scripts.extension] No material configuration file, adding configuration to material settings directly.
[30.615s] [ext: isaacsim.core.nodes-5.10.5] startup
[30.796s] [ext: isaacsim.core.throttling-2.3.5] startup
[30.809s] [ext: omni.kit.manipulator.viewport-107.0.1] startup
[30.820s] [ext: omni.graph.visualization.nodes-2.1.4] startup
[30.914s] [ext: omni.kit.window.extensions-1.5.10] startup
[30.993s] [ext: isaacsim.gui.components-1.8.5] startup
[31.058s] [ext: isaacsim.robot.surface_gripper-3.6.2] startup
[31.105s] [ext: isaacsim.robot.manipulators-3.4.4] startup
[31.159s] [ext: isaacsim.robot_motion.lula-4.1.3] startup
[31.180s] [ext: isaacsim.robot_motion.motion_generation-8.2.9] startup
[31.238s] [ext: isaacsim.cortex.framework-1.0.18] startup
[31.247s] [ext: isaacsim.cortex.behaviors-2.0.17] startup
[31.256s] [ext: isaacsim.examples.base-1.3.2] startup
[31.269s] [ext: omni.kit.widget.zoombar-1.0.7] startup
[31.279s] [ext: omni.kit.browser.core-2.3.18] startup
[31.321s] [ext: omni.kit.browser.folder.core-2.0.2] startup
[31.374s] [ext: omni.kit.widget.stage_icons-1.0.8] startup
[31.383s] [ext: omni.kit.window.stage-2.6.1] startup
[31.400s] [ext: omni.kit.menu.stage-1.2.7] startup
[31.412s] [ext: omni.kit.usd.collect-3.0.6] startup
[31.450s] [ext: omni.kit.widget.prompt-1.0.7] startup
[31.461s] [ext: omni.kit.tool.collect-2.2.19] startup
[31.485s] [ext: isaacsim.examples.browser-0.3.2] startup
[31.504s] [ext: omni.kit.search.files-1.0.4] startup
[31.513s] [ext: omni.kit.widget.calendar-1.0.9] startup
[31.525s] [ext: omni.kit.widget.extended_searchfield-1.0.31] startup
[31.592s] [ext: omni.simready.content.browser-0.3.7] startup
[32.424s] [ext: isaacsim.gui.content_browser-0.4.3] startup
[32.442s] [ext: omni.kit.selection-0.1.6] startup
[32.454s] [ext: isaacsim.gui.menu-2.10.5] startup
[32.515s] [ext: isaacsim.gui.property-1.6.4] startup
[32.587s] [ext: omni.kit.viewport.actions-110.0.0] startup
[32.611s] [ext: omni.kit.viewport.menubar.display-107.1.3] startup
[32.627s] [ext: isaacsim.gui.sensors.icon-2.2.1] startup
[32.651s] [ext: omni.behavior.scripting.core-110.1.0] startup
[32.682s] [ext: isaacsim.replicator.behavior-1.5.4] startup
[32.688s] [ext: isaacsim.replicator.experimental.domain_randomization-1.2.5] startup
[32.815s] [ext: isaacsim.replicator.domain_randomization-1.2.2] startup
[33.040s] [ext: isaacsim.replicator.writers-1.5.4] startup
[33.225s] [ext: isaacsim.robot.experimental.wheeled_robots-0.2.11] startup
[33.400s] [ext: isaacsim.robot.policy.examples-5.2.12] startup
[33.540s] [ext: isaacsim.robot.wheeled_robots-5.2.4] startup
[33.568s] [ext: isaacsim.robot.wheeled_robots.nodes-0.1.5] startup
[33.686s] [ext: isaacsim.robot_motion.experimental.motion_generation-6.1.3] startup
[33.759s] [ext: isaacsim.robot_motion.cumotion-1.3.1] startup
[33.824s] [ext: omni.kit.numpy.common-0.1.3] startup
[33.833s] [ext: isaacsim.sensors.camera-1.7.9] startup
[33.951s] [ext: isaacsim.sensors.experimental.physics-3.0.2] startup
[33.994s] [ext: omni.sensors.net-1.0.1] startup
[34.004s] [ext: omni.sensors.nv.common-3.0.0] startup
[34.034s] [ext: omni.sensors.nv.materials-2.0.0] startup
[34.047s] [ext: omni.sensors.nv.acoustic-3.0.0] startup
[34.054s] [ext: omni.sensors.nv.ids-2.0.1] startup
[34.058s] [ext: omni.sensors.nv.lidar-3.0.0] startup
[34.073s] [ext: omni.sensors.nv.radar-3.0.0] startup
[34.080s] [ext: isaacsim.sensors.experimental.rtx-1.4.6] startup
[35.867s] [ext: isaacsim.sensors.physics.nodes-1.5.3] startup
[35.891s] [ext: isaacsim.util.debug_draw-3.2.3] startup
[35.911s] [ext: isaacsim.sensors.physx-2.5.5] startup
[35.946s] [ext: isaacsim.sensors.rtx-15.17.1] startup
[35.996s] [ext: isaacsim.simulation_app-2.18.4] startup
[35.998s] [ext: omni.anim.curve.core-1.6.0] startup
[36.061s] [ext: omni.graph.ui_nodes-2.11.1] startup
[36.413s] [ext: omni.hydra.scene_api-0.1.3] startup
[36.427s] [ext: omni.kit.manipulator.camera-110.0.0] startup
[36.472s] [ext: omni.kit.manipulator.selector-1.1.4] startup
[36.484s] [ext: omni.kit.manipulator.transform-107.0.0] startup
[36.529s] [ext: omni.kit.widget.toolbar-2.1.0] startup
[36.582s] [ext: omni.kit.manipulator.tool.snap-1.5.14] startup
[36.618s] [ext: omni.kit.viewport.manipulator.transform-107.0.4] startup
[36.641s] [ext: omni.kit.manipulator.prim.core-108.0.2] startup
[36.696s] [ext: omni.kit.manipulator.prim.usd-107.0.3] startup
[36.709s] [ext: omni.kit.manipulator.prim-108.0.0] startup
[36.710s] [ext: omni.kit.manipulator.selection-109.0.1] startup
[36.723s] [ext: omni.kit.menu.create-2.0.2] startup
[36.735s] [ext: omni.kit.property.audio-1.0.16] startup
[36.755s] [ext: omni.kit.property.camera-1.0.14] startup
[36.768s] [ext: omni.kit.property.geometry-2.1.2] startup
[36.794s] [ext: omni.kit.property.light-1.0.14] startup
2026-08-24T04:41:51Z [36,845ms] [Warning] [omni.usd] Encountered USD Warnings but USD Diagnostics are currently muted. To view USD Warnings, please set the '/persistent/app/usd/muteUsdDiagnostics' setting to false in Preferences page.
[36.907s] [ext: omni.kit.property.material-1.14.6] startup
[36.972s] [ext: omni.kit.property.render-1.2.2] startup
[36.982s] [ext: omni.kit.property.transform-1.6.9] startup
[37.033s] [ext: omni.kit.property.bundle-1.5.1] startup
[37.046s] [ext: omni.kit.usdz_export-1.1.0] startup
[37.062s] [ext: omni.kit.tool.asset_importer-6.0.1] startup
[37.113s] [ext: omni.kit.ui.actions-1.0.5] startup
[37.126s] [ext: omni.kit.viewport.menubar.camera-107.0.10] startup
[37.168s] [ext: omni.kit.viewport.menubar.lighting-107.3.2] startup
[37.195s] [ext: omni.kit.viewport.menubar.render-110.0.0] startup
[37.222s] [ext: omni.kit.viewport.menubar.settings-110.0.1] startup
[37.260s] [ext: omni.kit.window.console-1.1.9] startup
[37.295s] [ext: omni.kit.window.status_bar-0.1.11] startup
[37.308s] [ext: omni.kit.window.toolbar-3.0.3] startup
[37.320s] [ext: omni.ocio-0.1.1] startup
[37.326s] [ext: omni.physx.commands-110.1.13] startup
[37.389s] [ext: omni.replicator.replicator_yaml-2.0.12] startup
[37.448s] [ext: omni.rtx.window.settings-0.8.0] startup
[37.476s] [ext: omni.rtx.settings.core-0.7.1] startup
[37.518s] [ext: omni.usd.metrics.assembler.ui-110.1.1] startup
[37.552s] [ext: semantics.schema.editor-2.0.2] startup
[37.576s] [ext: semantics.schema.property-2.0.2] startup
[37.590s] [ext: omni.kit.menu.common-2.0.2] startup
[37.600s] [ext: isaacsim.exp.base-6.0.1] startup
[37.600s] [ext: isaacsim.exp.base.python-6.0.1] startup
[37.605s] Simulation App Starting
2026-08-24T04:41:52Z [37,784ms] [Warning] [rtx.neuraylib.plugin] [LINK:PLUGIN]   0.0   LINK   plug warn : Loading /isaac-sim/extscache/omni.iray.libs-0.0.1+f9bf0dda.lx64.r/bin/iray/nvcuvid_video_decoder.so: libnvcuvid.so.1: cannot open shared object file: No such file or directory
2026-08-24T04:41:52Z [37,784ms] [Warning] [rtx.neuraylib.plugin] [LINK:PLUGIN]   0.0   LINK   plug warn : Loading .\nt-x86-64\lib\nvcuvid_video_decoder.so: .\nt-x86-64\lib\nvcuvid_video_decoder.so: cannot open shared object file: No such file or directory
2026-08-24T04:41:52Z [37,784ms] [Warning] [rtx.neuraylib.plugin] Failed to load nvcuvid h264 decoder plugin. Iray Bridge h264 support will not be available.
[42.468s] Simulation App Startup Complete
[42.514s] app ready
Starting kit application with the following args:  ['/isaac-sim/exts/isaacsim.simulation_app/isaacsim/simulation_app/simulation_app.py', '/isaac-sim/apps/isaacsim.exp.base.python.kit', '--/app/tokens/exe-path=/isaac-sim/kit', '--/persistent/app/viewport/displayOptions=3094', '--/rtx/materialDb/syncLoads=True', '--/rtx/hydra/materialSyncLoads=True', '--/omni/kit/plugin/syncUsdLoads=True', '--/app/renderer/resolution/width=1280', '--/app/renderer/resolution/height=720', '--/app/window/width=1440', '--/app/window/height=900', '--/renderer/multiGpu/enabled=True', '--/app/fastShutdown=True', '--/app/installSignalHandlers=0', '--ext-folder', '/isaac-sim/exts', '--ext-folder', '/isaac-sim/apps', '--/physics/cudaDevice=0', '--/plugins/carb.tasking.plugin/threadCount=8', '--/plugins/omni.tbb.globalcontrol/maxThreadCount=8', '--portable', '--/app/window/hideUi=1']
Passing the following args to the base kit application:  ['--no-window']
Warp 1.13.0 initialized:
   CUDA Toolkit 12.9, Driver 13.0
   Devices:
     "cpu"      : "x86_64"
     "cuda:0"   : "NVIDIA L4" (22 GiB, sm_89, mempool enabled)
   Kernel cache:
     /isaac-sim/.cache/warp/1.13.0
[45.925s] Hello World!
[46.453s] Simulation App Shutting Down
2026-08-24T04:42:02Z [47,451ms] [Error] [carb] 

../../../_build/target-deps/carb_sdk_plugins/include/carb/tasking/TaskingUtils.h(367): carb::tasking::TaskGroup::~TaskGroup()(): Assertion (empty()) failed: Destroying busy TaskGroup!

Assertion Failed!
The following assertion condition failed in the process 12:
	'empty()'

at the location:
	'../../../_build/target-deps/carb_sdk_plugins/include/carb/tasking/TaskingUtils.h'
	on line 367
	 in carb::tasking::TaskGroup::~TaskGroup()()

with the message:
	"Destroying busy TaskGroup!"

Press ABORT to exit.
Press RETRY to debug (attach a debugger first).
Press IGNORE to attempt to continue.
Fatal Python error: Aborted

Thread 0x00007a8ff7ffa6c0 (most recent call first):
  File "/isaac-sim/kit/python/lib/python3.12/concurrent/futures/thread.py", line 90 in _worker
  File "/isaac-sim/kit/python/lib/python3.12/threading.py", line 1012 in run
  File "/isaac-sim/kit/python/lib/python3.12/threading.py", line 1075 in _bootstrap_inner
  File "/isaac-sim/kit/python/lib/python3.12/threading.py", line 1032 in _bootstrap

Current thread 0x00007a9182b0b780 (most recent call first):
  File "/isaac-sim/exts/isaacsim.simulation_app/isaacsim/simulation_app/simulation_app.py", line 964 in close
  File "/isaac-sim/standalone_examples/api/isaacsim.simulation_app/hello_world.py", line 30 in <module>

Extension modules: psutil._psutil_linux, psutil._psutil_posix, PIL._imaging, omni.mdl.pymdlsdk._pymdlsdk, numpy._core._multiarray_umath, numpy.linalg._umath_linalg, _cyutility, scipy._cyutility, scipy._lib._ccallback_c, charset_normalizer.md, numpy.random._common, numpy.random.bit_generator, numpy.random._bounded_integers, numpy.random._pcg64, numpy.random._mt19937, numpy.random._generator, numpy.random._philox, numpy.random._sfc64, numpy.random.mtrand, scipy.sparse._sparsetools, _csparsetools, scipy.sparse._csparsetools, scipy.spatial._ckdtree, scipy._lib.messagestream, scipy.linalg._fblas, scipy.linalg._flapack, scipy.linalg.cython_lapack, scipy.linalg._cythonized_array_utils, scipy.linalg._solve_toeplitz, scipy.linalg._batched_linalg, scipy.linalg._decomp_lu_cython, scipy.linalg._matfuncs_schur_sqrtm, scipy.linalg._matfuncs_expm, scipy.linalg._linalg_pythran, scipy.linalg.cython_blas, scipy.linalg._decomp_update, scipy.spatial._qhull, scipy.spatial._voronoi, scipy.special._ufuncs_cxx, scipy.special._ellip_harm_2, scipy.special._special_ufuncs, scipy.special._gufuncs, scipy.special._ufuncs, scipy.special._specfun, scipy.special._comb, scipy.spatial._hausdorff, scipy.spatial._distance_wrap, scipy.spatial.transform._rotation_cy, scipy.spatial.transform._rigid_transform_cy, torch._C, torch._C._dynamo.autograd_compiler, torch._C._dynamo.eval_frame, torch._C._dynamo.guards, torch._C._dynamo.utils, torch._C._fft, torch._C._linalg, torch._C._nested, torch._C._nn, torch._C._sparse, torch._C._special, kiwisolver._cext, PIL._imagingft, _awscrt, requests.packages.charset_normalizer.md, requests.packages.chardet.md, scipy.io.matlab._mio_utils, scipy.io.matlab._streams, scipy.io.matlab._mio5_utils, markupsafe._speedups, yaml._yaml (total: 70)
There was an error running python
./python.sh: line 69:    12 Aborted                 (core dumped) $python_exe "${filtered_args[@]}" $args
