2026-08-24T04:45:56Z [Info] [carb] Logging to file: /isaac-sim/kit/logs/Kit/Isaac-Sim Python/6.0/kit_20260824_044556.log
[0.121s] [ext: omni.assets.plugins-0.0.0] startup
[0.123s] [ext: omni.blobkey-1.1.2] startup
[0.123s] [ext: omni.kit.async_engine-0.0.3] startup
[1.214s] [ext: omni.client.lib-1.1.1] startup
[1.263s] [ext: omni.client-1.3.0] startup
2026-08-24T04:45:58Z [1,287ms] [Warning] [carb.omniclient.plugin]  34: OmniHub: ThreadId(02) Hub encountered error. Trying to reconnect to Hub. retry_reason="Hub failed to launch: Io(\"child exited with exit status: 1 without writing file \\\"/tmp/hub-isaac-sim-C7DCB1A9.config.json\\\"\")"
2026-08-24T04:45:58Z [1,358ms] [Warning] [carb.omniclient.plugin]  34: OmniHub: ThreadId(02) Hub encountered error. Trying to reconnect to Hub. retry_reason="Hub failed to launch: Io(\"child exited with exit status: 1 without writing file \\\"/tmp/hub-isaac-sim-C7DCB1A9.config.json\\\"\")"
2026-08-24T04:45:58Z [1,440ms] [Warning] [carb.omniclient.plugin]  34: OmniHub: ThreadId(02) Hub encountered error. Trying to reconnect to Hub. retry_reason="Hub failed to launch: Io(\"child exited with exit status: 1 without writing file \\\"/tmp/hub-isaac-sim-C7DCB1A9.config.json\\\"\")"
2026-08-24T04:45:58Z [1,531ms] [Warning] [carb.omniclient.plugin]  34: OmniHub: ThreadId(02) Hub encountered error. Trying to reconnect to Hub. retry_reason="Hub failed to launch: Io(\"child exited with exit status: 1 without writing file \\\"/tmp/hub-isaac-sim-C7DCB1A9.config.json\\\"\")"
2026-08-24T04:45:58Z [1,633ms] [Warning] [carb.omniclient.plugin]  34: OmniHub: ThreadId(02) Hub encountered error. Trying to reconnect to Hub. retry_reason="Hub failed to launch: Io(\"child exited with exit status: 1 without writing file \\\"/tmp/hub-isaac-sim-C7DCB1A9.config.json\\\"\")"
2026-08-24T04:45:58Z [1,744ms] [Warning] [carb.omniclient.plugin]  34: OmniHub: ThreadId(02) Hub encountered error. Trying to reconnect to Hub. retry_reason="Hub failed to launch: Io(\"child exited with exit status: 1 without writing file \\\"/tmp/hub-isaac-sim-C7DCB1A9.config.json\\\"\")"
2026-08-24T04:45:58Z [1,866ms] [Warning] [carb.omniclient.plugin]  34: OmniHub: ThreadId(02) Hub encountered error. Trying to reconnect to Hub. retry_reason="Hub failed to launch: Io(\"child exited with exit status: 1 without writing file \\\"/tmp/hub-isaac-sim-C7DCB1A9.config.json\\\"\")"
2026-08-24T04:45:58Z [1,998ms] [Warning] [carb.omniclient.plugin]  34: OmniHub: ThreadId(02) Hub encountered error. Trying to reconnect to Hub. retry_reason="Hub failed to launch: Io(\"child exited with exit status: 1 without writing file \\\"/tmp/hub-isaac-sim-C7DCB1A9.config.json\\\"\")"
2026-08-24T04:45:58Z [2,139ms] [Warning] [carb.omniclient.plugin]  34: OmniHub: ThreadId(02) Hub encountered error. Trying to reconnect to Hub. retry_reason="Hub failed to launch: Io(\"child exited with exit status: 1 without writing file \\\"/tmp/hub-isaac-sim-C7DCB1A9.config.json\\\"\")"
2026-08-24T04:45:59Z [2,290ms] [Warning] [carb.omniclient.plugin]  34: OmniHub: ThreadId(02) Hub encountered error. Trying to reconnect to Hub. retry_reason="Hub failed to launch: Io(\"child exited with exit status: 1 without writing file \\\"/tmp/hub-isaac-sim-C7DCB1A9.config.json\\\"\")"
2026-08-24T04:45:59Z [2,451ms] [Warning] [carb.omniclient.plugin]  34: OmniHub: ThreadId(02) Hub encountered error. Trying to reconnect to Hub. retry_reason="Hub failed to launch: Io(\"child exited with exit status: 1 without writing file \\\"/tmp/hub-isaac-sim-C7DCB1A9.config.json\\\"\")"
2026-08-24T04:45:59Z [2,623ms] [Warning] [carb.omniclient.plugin]  34: OmniHub: ThreadId(02) Hub encountered error. Trying to reconnect to Hub. retry_reason="Hub failed to launch: Io(\"child exited with exit status: 1 without writing file \\\"/tmp/hub-isaac-sim-C7DCB1A9.config.json\\\"\")"
2026-08-24T04:45:59Z [2,805ms] [Warning] [carb.omniclient.plugin]  34: OmniHub: ThreadId(02) Hub encountered error. Trying to reconnect to Hub. retry_reason="Hub failed to launch: Io(\"child exited with exit status: 1 without writing file \\\"/tmp/hub-isaac-sim-C7DCB1A9.config.json\\\"\")"
2026-08-24T04:45:59Z [2,996ms] [Warning] [carb.omniclient.plugin]  34: OmniHub: ThreadId(02) Hub encountered error. Trying to reconnect to Hub. retry_reason="Hub failed to launch: Io(\"child exited with exit status: 1 without writing file \\\"/tmp/hub-isaac-sim-C7DCB1A9.config.json\\\"\")"
2026-08-24T04:46:00Z [3,198ms] [Warning] [carb.omniclient.plugin]  34: OmniHub: ThreadId(02) Hub encountered error. Trying to reconnect to Hub. retry_reason="Hub failed to launch: Io(\"child exited with exit status: 1 without writing file \\\"/tmp/hub-isaac-sim-C7DCB1A9.config.json\\\"\")"
2026-08-24T04:46:00Z [3,410ms] [Warning] [carb.omniclient.plugin]  34: OmniHub: ThreadId(02) Hub encountered error. Trying to reconnect to Hub. retry_reason="Hub failed to launch: Io(\"child exited with exit status: 1 without writing file \\\"/tmp/hub-isaac-sim-C7DCB1A9.config.json\\\"\")"
2026-08-24T04:46:00Z [3,631ms] [Warning] [carb.omniclient.plugin]  34: OmniHub: ThreadId(02) Hub encountered error. Trying to reconnect to Hub. retry_reason="Hub failed to launch: Io(\"child exited with exit status: 1 without writing file \\\"/tmp/hub-isaac-sim-C7DCB1A9.config.json\\\"\")"
2026-08-24T04:46:00Z [3,863ms] [Warning] [carb.omniclient.plugin]  34: OmniHub: ThreadId(02) Hub encountered error. Trying to reconnect to Hub. retry_reason="Hub failed to launch: Io(\"child exited with exit status: 1 without writing file \\\"/tmp/hub-isaac-sim-C7DCB1A9.config.json\\\"\")"
2026-08-24T04:46:00Z [4,104ms] [Warning] [carb.omniclient.plugin]  34: OmniHub: ThreadId(02) Hub encountered error. Trying to reconnect to Hub. retry_reason="Hub failed to launch: Io(\"child exited with exit status: 1 without writing file \\\"/tmp/hub-isaac-sim-C7DCB1A9.config.json\\\"\")"
2026-08-24T04:46:01Z [4,355ms] [Warning] [carb.omniclient.plugin]  34: OmniHub: ThreadId(02) Hub encountered error. Trying to reconnect to Hub. retry_reason="Hub failed to launch: Io(\"child exited with exit status: 1 without writing file \\\"/tmp/hub-isaac-sim-C7DCB1A9.config.json\\\"\")"
2026-08-24T04:46:01Z [4,617ms] [Warning] [carb.omniclient.plugin]  34: OmniHub: ThreadId(02) Hub encountered error. Trying to reconnect to Hub. retry_reason="Hub failed to launch: Io(\"child exited with exit status: 1 without writing file \\\"/tmp/hub-isaac-sim-C7DCB1A9.config.json\\\"\")"
2026-08-24T04:46:01Z [4,889ms] [Warning] [carb.omniclient.plugin]  34: OmniHub: ThreadId(02) Hub encountered error. Trying to reconnect to Hub. retry_reason="Hub failed to launch: Io(\"child exited with exit status: 1 without writing file \\\"/tmp/hub-isaac-sim-C7DCB1A9.config.json\\\"\")"
2026-08-24T04:46:02Z [5,170ms] [Warning] [carb.omniclient.plugin]  34: OmniHub: ThreadId(02) Hub encountered error. Trying to reconnect to Hub. retry_reason="Hub failed to launch: Io(\"child exited with exit status: 1 without writing file \\\"/tmp/hub-isaac-sim-C7DCB1A9.config.json\\\"\")"
2026-08-24T04:46:02Z [5,461ms] [Warning] [carb.omniclient.plugin]  34: OmniHub: ThreadId(02) Hub encountered error. Trying to reconnect to Hub. retry_reason="Hub failed to launch: Io(\"child exited with exit status: 1 without writing file \\\"/tmp/hub-isaac-sim-C7DCB1A9.config.json\\\"\")"
2026-08-24T04:46:02Z [5,763ms] [Warning] [carb.omniclient.plugin]  34: OmniHub: ThreadId(02) Hub encountered error. Trying to reconnect to Hub. retry_reason="Hub failed to launch: Io(\"child exited with exit status: 1 without writing file \\\"/tmp/hub-isaac-sim-C7DCB1A9.config.json\\\"\")"
2026-08-24T04:46:02Z [6,075ms] [Warning] [carb.omniclient.plugin]  34: OmniHub: ThreadId(02) Hub encountered error. Trying to reconnect to Hub. retry_reason="Hub failed to launch: Io(\"child exited with exit status: 1 without writing file \\\"/tmp/hub-isaac-sim-C7DCB1A9.config.json\\\"\")"
2026-08-24T04:46:03Z [6,396ms] [Warning] [carb.omniclient.plugin]  34: OmniHub: ThreadId(02) Hub encountered error. Trying to reconnect to Hub. retry_reason="Hub failed to launch: Io(\"child exited with exit status: 1 without writing file \\\"/tmp/hub-isaac-sim-C7DCB1A9.config.json\\\"\")"
2026-08-24T04:46:03Z [6,728ms] [Warning] [carb.omniclient.plugin]  34: OmniHub: ThreadId(02) Hub encountered error. Trying to reconnect to Hub. retry_reason="Hub failed to launch: Io(\"child exited with exit status: 1 without writing file \\\"/tmp/hub-isaac-sim-C7DCB1A9.config.json\\\"\")"
WARNING: All log messages before absl::InitializeLog() is called are written to STDERR
E0000 00:00:1787546768.341212      12 descriptor_database.cc:633] File already exists in database: grpc/health/v1/health.proto
W0000 00:00:1787546768.341266      12 message.cc:301] Protobuf GeneratedMessageFactory: File is already registered: grpc/health/v1/health.proto
2026-08-24T04:46:03Z [7,069ms] [Warning] [carb.omniclient.plugin]  34: OmniHub: ThreadId(02) Hub encountered error. Trying to reconnect to Hub. retry_reason="Hub failed to launch: Io(\"child exited with exit status: 1 without writing file \\\"/tmp/hub-isaac-sim-C7DCB1A9.config.json\\\"\")"
2026-08-24T04:46:04Z [7,420ms] [Warning] [carb.omniclient.plugin]  34: OmniHub: ThreadId(02) Hub encountered error. Trying to reconnect to Hub. retry_reason="Hub failed to launch: Io(\"child exited with exit status: 1 without writing file \\\"/tmp/hub-isaac-sim-C7DCB1A9.config.json\\\"\")"
2026-08-24T04:46:04Z [7,781ms] [Warning] [carb.omniclient.plugin]  34: OmniHub: ThreadId(02) Hub encountered error. Trying to reconnect to Hub. retry_reason="Hub failed to launch: Io(\"child exited with exit status: 1 without writing file \\\"/tmp/hub-isaac-sim-C7DCB1A9.config.json\\\"\")"
2026-08-24T04:46:04Z [8,153ms] [Warning] [carb.omniclient.plugin]  34: OmniHub: ThreadId(02) Hub encountered error. Trying to reconnect to Hub. retry_reason="Hub failed to launch: Io(\"child exited with exit status: 1 without writing file \\\"/tmp/hub-isaac-sim-C7DCB1A9.config.json\\\"\")"
2026-08-24T04:46:05Z [8,535ms] [Warning] [carb.omniclient.plugin]  34: OmniHub: ThreadId(02) Hub encountered error. Trying to reconnect to Hub. retry_reason="Hub failed to launch: Io(\"child exited with exit status: 1 without writing file \\\"/tmp/hub-isaac-sim-C7DCB1A9.config.json\\\"\")"
2026-08-24T04:46:05Z [8,927ms] [Warning] [carb.omniclient.plugin]  34: OmniHub: ThreadId(02) Hub encountered error. Trying to reconnect to Hub. retry_reason="Hub failed to launch: Io(\"child exited with exit status: 1 without writing file \\\"/tmp/hub-isaac-sim-C7DCB1A9.config.json\\\"\")"
2026-08-24T04:46:06Z [9,329ms] [Warning] [carb.omniclient.plugin]  34: OmniHub: ThreadId(02) Hub encountered error. Trying to reconnect to Hub. retry_reason="Hub failed to launch: Io(\"child exited with exit status: 1 without writing file \\\"/tmp/hub-isaac-sim-C7DCB1A9.config.json\\\"\")"
2026-08-24T04:46:06Z [9,741ms] [Warning] [carb.omniclient.plugin]  34: OmniHub: ThreadId(02) Hub encountered error. Trying to reconnect to Hub. retry_reason="Hub failed to launch: Io(\"child exited with exit status: 1 without writing file \\\"/tmp/hub-isaac-sim-C7DCB1A9.config.json\\\"\")"
2026-08-24T04:46:07Z [10,162ms] [Warning] [carb.omniclient.plugin]  34: OmniHub: ThreadId(02) Hub encountered error. Trying to reconnect to Hub. retry_reason="Hub failed to launch: Io(\"child exited with exit status: 1 without writing file \\\"/tmp/hub-isaac-sim-C7DCB1A9.config.json\\\"\")"
2026-08-24T04:46:07Z [10,594ms] [Warning] [carb.omniclient.plugin]  34: OmniHub: ThreadId(02) Hub encountered error. Trying to reconnect to Hub. retry_reason="Hub failed to launch: Io(\"child exited with exit status: 1 without writing file \\\"/tmp/hub-isaac-sim-C7DCB1A9.config.json\\\"\")"
2026-08-24T04:46:07Z [11,036ms] [Warning] [carb.omniclient.plugin]  34: OmniHub: ThreadId(02) Hub encountered error. Trying to reconnect to Hub. retry_reason="Hub failed to launch: Io(\"child exited with exit status: 1 without writing file \\\"/tmp/hub-isaac-sim-C7DCB1A9.config.json\\\"\")"
[11.522s] [ext: omni.protobuf.lib-1.0.0] startup
[11.524s] [ext: omni.grpc.lib-1.0.0] startup
[11.531s] [ext: omni.metrics.core-0.0.3] startup
[11.532s] [ext: omni.datastore-0.0.0] startup
[11.533s] [ext: omni.gpu_foundation.shadercache.vulkan-1.0.0] startup
[11.564s] [ext: omni.hsscclient-1.1.4] startup
[11.568s] [ext: omni.stats-1.0.1] startup
[11.572s] [ext: omni.ujitso.default-1.0.0] startup
[11.582s] [ext: omni.gpu_foundation-0.0.0] startup
[12.020s] [ext: carb.windowing.plugins-1.0.1] startup
[12.021s] [ext: omni.kit.renderer.init-1.0.1] startup
2026-08-24T04:46:08Z [12,025ms] [Warning] [omni.platforminfo.plugin] failed to open the default display.  Can't verify X Server version.

|---------------------------------------------------------------------------------------------|
| Driver Version: 580.173.02    | Graphics API: Vulkan
|=============================================================================================|
| GPU | Name                             | Active | LDA | GPU Memory | Vendor-ID | LUID       |
|     |                                  |        |     |            | Device-ID | UUID       |
|     |                                  |        |     |            | Bus-ID    |            |
|---------------------------------------------------------------------------------------------|
| 0   | NVIDIA L4                        | Yes: 0 |     | 23034   MB | 10de      | 0          |
|     |                                  |        |     |            | 27b8      | 606c1b0f.. |
|     |                                  |        |     |            | 0         |            |
|=============================================================================================|
| OS: 24.04.3 LTS (Noble Numbat) ubuntu, Version: 24.04.3, Kernel: 6.17.0-1022-gcp
| Processor: Intel(R) Xeon(R) CPU @ 2.20GHz
| Cores: 4 | Logical Cores: 8
|---------------------------------------------------------------------------------------------|
| Total Memory (MB): 32090 | Free Memory: 29517
| Total Page/Swap (MB): 0 | Free Page/Swap: 0
|---------------------------------------------------------------------------------------------|
2026-08-24T04:46:09Z [12,763ms] [Warning] [omni.rtx] ECC is enabled on physical device 0
[13.053s] [ext: omni.kit.pipapi-0.0.0] startup
[13.064s] [ext: omni.kit.pip_archive-0.0.0] startup
[13.069s] [ext: isaacsim.pip.newton-0.6.1] startup
[13.074s] [ext: omni.pip.compute-1.9.2] startup
[13.079s] [ext: omni.isaac.core_archive-5.3.1] startup
[13.083s] [ext: omni.kit.telemetry-0.5.2] startup
[13.147s] [ext: omni.kit.loop-isaac-1.6.0] startup
[13.155s] [ext: omni.kit.test-2.0.7] startup
[13.751s] [ext: omni.materialx.libs-1.0.9] startup
[13.771s] [ext: omni.gpucompute.plugins-0.0.0] startup
[13.772s] [ext: omni.usd.config-1.0.7] startup
[13.785s] [ext: omni.usd.libs-1.0.3] startup
[13.941s] [ext: omni.iray.libs-0.0.1] startup
[13.949s] [ext: omni.mdl-57.0.3] startup
[14.631s] [ext: omni.mdl.neuraylib-0.2.20] startup
[14.648s] [ext: omni.kit.usd.mdl-1.1.9] startup
[14.884s] [ext: omni.appwindow-1.2.2] startup
[14.891s] [ext: omni.kit.renderer.core-1.2.2] startup
2026-08-24T04:46:11Z [15,048ms] [Warning] [carb.windowing-glfw.plugin] GLFW initialization failed.
2026-08-24T04:46:11Z [15,048ms] [Warning] [carb] Failed to startup plugin carb.windowing-glfw.plugin (interfaces: [carb::windowing::IGLContext v1.0],[carb::windowing::IWindowing v1.5]) (impl: carb.windowing-glfw.plugin)
[15.116s] [ext: omni.kit.renderer.capture-2.0.1] startup
[15.128s] [ext: omni.kit.renderer.imgui-2.0.6] startup
2026-08-24T04:46:11Z [15,101ms] [Warning] [carb.windowing-glfw.plugin] GLFW initialization failed.
2026-08-24T04:46:11Z [15,101ms] [Warning] [carb] Failed to startup plugin carb.windowing-glfw.plugin (interfaces: [carb::windowing::IGLContext v1.0],[carb::windowing::IWindowing v1.5]) (impl: carb.windowing-glfw.plugin)
2026-08-24T04:46:11Z [15,105ms] [Warning] [carb.windowing-glfw.plugin] GLFW initialization failed.
2026-08-24T04:46:11Z [15,105ms] [Warning] [carb] Failed to startup plugin carb.windowing-glfw.plugin (interfaces: [carb::windowing::IGLContext v1.0],[carb::windowing::IWindowing v1.5]) (impl: carb.windowing-glfw.plugin)
[15.275s] [ext: omni.ui-3.2.0] startup
[15.307s] [ext: omni.kit.mainwindow-1.0.3] startup
[15.315s] [ext: carb.audio-0.1.0] startup
[15.320s] [ext: omni.uiaudio-1.0.0] startup
[15.325s] [ext: omni.kit.uiapp-0.0.0] startup
[15.325s] [ext: omni.usd.schema.metrics.assembler-110.1.0] startup
[15.337s] [ext: omni.usd.schema.audio-0.0.1] startup
[15.349s] [ext: omni.usd_resolver-1.0.0] startup
[15.359s] [ext: omni.usd.core-1.8.3] startup
[15.365s] [ext: omni.metropolis.schema-0.0.3] startup
[15.370s] [ext: isaacsim.anim.robot.schema-0.1.1] startup
[15.377s] [ext: omni.usd.schema.anim-0.0.1] startup
[15.421s] [ext: omni.usd.schema.geospatial-0.0.1] startup
[15.430s] [ext: omni.usd.schema.omnigraph-1.0.1] startup
[15.446s] [ext: omni.usd.schema.semantics-0.0.0] startup
[15.457s] [ext: omni.activity.core-1.0.3] startup
[15.463s] [ext: omni.cubric-0.1.0] startup
[15.464s] [ext: omni.graph.exec-0.9.6] startup
[15.464s] [ext: omni.hydra.scene_delegate-0.3.5] startup
[15.471s] [ext: usdrt.scenegraph-7.6.3] startup
[15.547s] [ext: omni.hydra.usdrt_delegate-7.5.2] startup
[15.562s] [ext: omni.inspect-1.0.2] startup
[15.569s] [ext: omni.kit.actions.core-1.0.0] startup
[15.579s] [ext: omni.kit.audiodeviceenum-1.0.2] startup
[15.586s] [ext: omni.kit.commands-1.5.0] startup
[15.610s] [ext: omni.kit.exec.core-0.13.5] startup
[15.620s] [ext: omni.kit.usd_undo-0.1.8] startup
[15.626s] [ext: omni.kit.window.popup_dialog-2.0.25] startup
[15.649s] [ext: omni.kit.widget.nucleus_connector-2.3.1] startup
[15.680s] [ext: omni.timeline-1.1.0] startup
[15.687s] [ext: omni.usd-1.16.0] startup
[15.877s] [ext: omni.graph.core-3.1.2] startup
[15.883s] [ext: omni.kit.notification_manager-1.0.11] startup
[15.898s] [ext: isaacsim.core.deprecation_manager-0.4.2] startup
[15.906s] [ext: isaacsim.replicator.agent.schema-0.1.1] startup
[15.913s] [ext: isaacsim.robot.schema-6.3.7] startup
[15.945s] [ext: isaacsim.robot_motion.schema-0.2.1] startup
[15.953s] [ext: omni.anim.behavior.schema-110.1.0] startup
[15.965s] [ext: omni.anim.graph.schema-110.1.1] startup
[15.982s] [ext: omni.anim.navigation.schema-110.1.0] startup
[15.992s] [ext: omni.behavior.tree.schema-110.1.0] startup
[16.000s] [ext: omni.isaac.ml_archive-3.3.0] startup
[16.005s] [ext: omni.kit.asset_converter-6.0.1] startup
[16.042s] [ext: omni.pip.cloud-1.5.4] startup
[16.074s] [ext: omni.usd.schema.flow-110.0.0] startup
[16.079s] [ext: omni.usd.schema.mujoco-1.1.1] startup
[16.085s] [ext: omni.usd.schema.newton-1.2.1] startup
[16.092s] [ext: omni.usd.schema.omni_lens_distortion-1.0.0] startup
[16.098s] [ext: omni.usd.schema.omni_projectors-1.0.0] startup
[16.103s] [ext: omni.usd.schema.omni_sensors-0.0.0] startup
[16.124s] [ext: omni.usd.schema.omniscripting-1.0.1] startup
[16.138s] [ext: omni.usd.schema.physical_lighting-0.1.0] startup
[16.151s] [ext: omni.usd.schema.physx-110.1.13] startup
[16.216s] [ext: omni.usd.schema.render_settings.rtx-1.0.2] startup
[16.231s] [ext: omni.usd.schema.usd_particle_field-1.0.0] startup
[16.236s] [ext: isaacsim.core.version-2.1.1] startup
[16.243s] [ext: omni.kit.menu.core-1.2.0] startup
[16.254s] [ext: omni.kit.menu.utils-2.2.4] startup
[16.324s] [ext: isaacsim.app.about-2.3.1] startup
[16.347s] [ext: isaacsim.asset.transformer-1.2.5] startup
[16.366s] [ext: omni.scene.optimizer.core-110.1.0] startup
[16.487s] [ext: isaacsim.asset.importer.utils-1.8.1] startup
[16.511s] [ext: omni.convexdecomposition-110.1.13] startup
[16.520s] [ext: omni.physics-110.1.13] startup
[16.532s] [ext: omni.physx.gpu-110.1.13] startup
[16.532s] [ext: omni.physx.foundation-110.1.13] startup
[16.540s] [ext: omni.usdphysics-110.1.13] startup
[16.547s] [ext: omni.physx.cooking-110.1.13] startup
[16.556s] [ext: omni.physx-110.1.13] startup
[16.602s] [ext: omni.physics.physx-110.1.13] startup
[16.611s] [ext: isaacsim.asset.exporter.urdf-2.0.5] startup
[16.681s] [ext: omni.kit.clipboard-1.1.1] startup
[16.687s] [ext: omni.kit.usd.layers-2.6.1] startup
[16.749s] [ext: omni.kit.widget.context_menu-1.4.0] startup
[16.764s] [ext: omni.kit.context_menu-1.9.0] startup
[16.785s] [ext: omni.kit.helper.file_utils-0.1.10] startup
[16.798s] [ext: omni.kit.widget.nucleus_info-2.0.2] startup
[16.805s] [ext: omni.kit.search_core-1.0.8] startup
[16.813s] [ext: omni.kit.widget.path_field-2.0.13] startup
[16.825s] [ext: omni.kit.widget.browser_bar-2.0.10] startup
[16.836s] [ext: omni.kit.widget.filebrowser-2.13.4] startup
[16.895s] [ext: omni.kit.widget.options_menu-1.1.6] startup
[16.920s] [ext: omni.kit.widget.options_button-1.0.3] startup
[16.928s] [ext: omni.kit.widget.search_delegate-1.0.9] startup
[16.940s] [ext: omni.ui.scene-2.0.3] startup
[16.955s] [ext: omni.kit.window.filepicker-2.15.5] startup
[17.117s] [ext: omni.kit.window.file_importer-1.1.21] startup
[17.130s] [ext: omni.kit.material.library-3.1.2] startup
[17.190s] [ext: isaacsim.asset.transformer.rules-1.7.10] startup
[17.355s] [ext: omni.usdex.libs-2.2.2] startup
[17.387s] [ext: isaacsim.asset.importer.mjcf-3.10.1] startup
[17.405s] [ext: isaacsim.asset.importer.urdf-3.11.2] startup
[17.435s] [ext: omni.kit.primitive.mesh-1.1.0] startup
[17.474s] [ext: omni.kit.stage_template.core-1.1.22] startup
[17.482s] [ext: omni.kit.stage_templates-2.0.2] startup
[17.498s] [ext: omni.usd.metrics.assembler-110.1.2] startup
[17.510s] [ext: omni.warp.core-1.13.0] startup
[18.414s] [ext: isaacsim.core.experimental.utils-0.17.2] startup
[18.424s] [ext: omni.physics.stageupdate-110.1.13] startup
[18.434s] [ext: omni.physics.tensors-110.1.13] startup
[18.471s] [ext: omni.physx.tensors-110.1.13] startup
[18.478s] [ext: isaacsim.core.simulation_manager-1.15.6] startup
[18.552s] [ext: isaacsim.storage.native-1.9.3] startup
[18.572s] [ext: omni.usd.metrics.assembler.physics-110.1.13] startup
[18.595s] [ext: isaacsim.core.utils-4.1.7] startup
[18.612s] [ext: isaacsim.core.prims-0.11.7] startup
[24.373s] [ext: isaacsim.core.api-5.2.13] startup
[24.509s] [ext: isaacsim.core.cloner-1.7.3] startup
[24.531s] [ext: isaacsim.test.docstring-1.3.2] startup
[24.596s] [ext: isaacsim.core.experimental.prims-1.8.9] startup
[24.773s] [ext: isaacsim.core.experimental.primdata-0.3.2] startup
[24.780s] [ext: omni.graph.tools-1.81.0] startup
[25.047s] [ext: omni.graph-1.142.5] startup
[25.332s] [ext: isaacsim.core.experimental.actuators-0.1.2] startup
[25.410s] [ext: isaacsim.core.experimental.materials-0.7.1] startup
[25.457s] [ext: isaacsim.core.experimental.objects-0.8.1] startup
[26.027s] [ext: omni.hydra.engine.stats-1.0.5] startup
[26.041s] [ext: omni.hydra.rtx.shadercache.vulkan-1.0.0] startup
[26.053s] [ext: omni.index.libs-387500.4413.0] startup
[26.053s] [ext: omni.index-1.0.1] startup
[26.054s] [ext: omni.ujitso.client-0.0.0] startup
[26.055s] [ext: omni.usd.schema.playback-1.0.0] startup
[26.073s] [ext: omni.volume-0.5.2] startup
[26.086s] [ext: omni.hydra.rtx-1.0.4] startup
2026-08-24T04:46:22Z [26,080ms] [Warning] [omni.log] Source: omni.hydra was already registered.
[26.149s] [ext: omni.kit.hydra_texture-1.6.0] startup
[26.166s] [ext: omni.kit.raycast.query-1.2.0] startup
[26.187s] [ext: omni.kit.viewport.legacy_gizmos-1.0.24] startup
[26.200s] [ext: omni.kit.viewport.registry-104.0.6] startup
[26.210s] [ext: omni.kit.viewport.scene_camera_model-1.0.7] startup
[26.226s] [ext: omni.kit.widget.viewport-109.2.0] startup
[26.275s] [ext: omni.kit.window.drop_support-1.0.8] startup
[26.285s] [ext: omni.kit.viewport.window-109.0.2] startup
[26.395s] [ext: omni.kit.viewport.utility-2.0.1] startup
[26.411s] [ext: isaacsim.core.rendering_manager-0.4.3] startup
[26.485s] [ext: omni.graph.action_core-1.1.9] startup
[26.498s] [ext: omni.graph.action_nodes_core-2.11.0] startup
[26.511s] [ext: omni.graph.action_nodes-2.11.0] startup
[26.730s] [ext: omni.graph.action-2.10.2] startup
[26.741s] [ext: omni.graph.image.core-0.6.1] startup
[26.743s] [ext: omni.graph.image.nodes-1.3.1] startup
[26.745s] [ext: omni.graph.nodes_core-2.11.0] startup
[26.766s] [ext: omni.graph.nodes-2.12.0] startup
[26.788s] [ext: omni.kit.hotkeys.core-1.3.12] startup
[26.790s] [ext: omni.kit.property.adapter.core-1.1.1] startup
[26.808s] [ext: omni.kit.property.adapter.usd-1.0.5] startup
[26.824s] [ext: omni.kit.widget.filter-1.1.5] startup
[26.837s] [ext: omni.kit.widget.highlight_label-1.0.3] startup
[26.847s] [ext: omni.kit.widget.searchfield-1.1.8] startup
[26.865s] [ext: omni.kit.window.file_exporter-1.0.36] startup
[26.879s] [ext: omni.kit.widget.stage-4.4.0] startup
[26.976s] [ext: omni.kit.window.content_browser_registry-0.0.6] startup
[26.989s] [ext: omni.kit.window.file-2.0.10] startup
[27.025s] [ext: omni.kit.window.content_browser-3.1.8] startup
[27.075s] [ext: omni.kit.window.property-1.15.1] startup
[27.239s] [ext: omni.kit.property.usd-4.9.4] startup
[27.396s] [ext: omni.graph.scriptnode-2.10.2] startup
[27.439s] [ext: omni.kit.widget.searchable_combobox-1.0.7] startup
[27.455s] [ext: omni.kit.widget.settings-2.0.0] startup
[27.484s] [ext: omni.kit.window.preferences-1.8.3] startup
[27.542s] [ext: omni.kit.viewport.menubar.core-107.2.2] startup
[27.638s] [ext: omni.syntheticdata-0.6.15] startup
[27.784s] [ext: omni.replicator.nv-1.1.1] startup
[27.808s] [ext: omni.videoencoding-0.2.1] startup
[27.823s] [ext: omni.replicator.core-1.13.27] startup
2026-08-24T04:46:24Z [27,926ms] [Warning] [pxr.Semantics] pxr.Semantics is deprecated - please use Semantics instead
2026-08-24T04:46:25Z [28,303ms] [Warning] [omni.replicator.core.scripts.extension] No material configuration file, adding configuration to material settings directly.
[29.345s] [ext: isaacsim.core.nodes-5.10.5] startup
[29.537s] [ext: isaacsim.core.throttling-2.3.5] startup
[29.552s] [ext: omni.kit.manipulator.viewport-107.0.1] startup
[29.567s] [ext: omni.graph.visualization.nodes-2.1.4] startup
[29.661s] [ext: omni.kit.window.extensions-1.5.10] startup
[29.741s] [ext: isaacsim.gui.components-1.8.5] startup
[29.807s] [ext: isaacsim.robot.surface_gripper-3.6.2] startup
[29.858s] [ext: isaacsim.robot.manipulators-3.4.4] startup
[29.918s] [ext: isaacsim.robot_motion.lula-4.1.3] startup
[29.942s] [ext: isaacsim.robot_motion.motion_generation-8.2.9] startup
[30.004s] [ext: isaacsim.cortex.framework-1.0.18] startup
[30.015s] [ext: isaacsim.cortex.behaviors-2.0.17] startup
[30.026s] [ext: isaacsim.examples.base-1.3.2] startup
[30.041s] [ext: omni.kit.widget.zoombar-1.0.7] startup
[30.053s] [ext: omni.kit.browser.core-2.3.18] startup
[30.097s] [ext: omni.kit.browser.folder.core-2.0.2] startup
[30.165s] [ext: omni.kit.widget.stage_icons-1.0.8] startup
[30.178s] [ext: omni.kit.window.stage-2.6.1] startup
[30.198s] [ext: omni.kit.menu.stage-1.2.7] startup
[30.216s] [ext: omni.kit.usd.collect-3.0.6] startup
[30.257s] [ext: omni.kit.widget.prompt-1.0.7] startup
[30.274s] [ext: omni.kit.tool.collect-2.2.19] startup
[30.300s] [ext: isaacsim.examples.browser-0.3.2] startup
[30.320s] [ext: omni.kit.search.files-1.0.4] startup
[30.332s] [ext: omni.kit.widget.calendar-1.0.9] startup
[30.347s] [ext: omni.kit.widget.extended_searchfield-1.0.31] startup
[30.416s] [ext: omni.simready.content.browser-0.3.7] startup
[31.291s] [ext: isaacsim.gui.content_browser-0.4.3] startup
[31.313s] [ext: omni.kit.selection-0.1.6] startup
[31.327s] [ext: isaacsim.gui.menu-2.10.5] startup
[31.390s] [ext: isaacsim.gui.property-1.6.4] startup
[31.462s] [ext: omni.kit.viewport.actions-110.0.0] startup
[31.488s] [ext: omni.kit.viewport.menubar.display-107.1.3] startup
[31.505s] [ext: isaacsim.gui.sensors.icon-2.2.1] startup
[31.535s] [ext: omni.behavior.scripting.core-110.1.0] startup
[31.572s] [ext: isaacsim.replicator.behavior-1.5.4] startup
[31.580s] [ext: isaacsim.replicator.experimental.domain_randomization-1.2.5] startup
[31.689s] [ext: isaacsim.replicator.domain_randomization-1.2.2] startup
[31.908s] [ext: isaacsim.replicator.writers-1.5.4] startup
[32.112s] [ext: isaacsim.robot.experimental.wheeled_robots-0.2.11] startup
[32.299s] [ext: isaacsim.robot.policy.examples-5.2.12] startup
[32.453s] [ext: isaacsim.robot.wheeled_robots-5.2.4] startup
[32.484s] [ext: isaacsim.robot.wheeled_robots.nodes-0.1.5] startup
[32.609s] [ext: isaacsim.robot_motion.experimental.motion_generation-6.1.3] startup
[32.690s] [ext: isaacsim.robot_motion.cumotion-1.3.1] startup
[32.761s] [ext: omni.kit.numpy.common-0.1.3] startup
[32.773s] [ext: isaacsim.sensors.camera-1.7.9] startup
[32.899s] [ext: isaacsim.sensors.experimental.physics-3.0.2] startup
[32.947s] [ext: omni.sensors.net-1.0.1] startup
[32.958s] [ext: omni.sensors.nv.common-3.0.0] startup
[32.991s] [ext: omni.sensors.nv.materials-2.0.0] startup
[33.008s] [ext: omni.sensors.nv.acoustic-3.0.0] startup
[33.015s] [ext: omni.sensors.nv.ids-2.0.1] startup
[33.020s] [ext: omni.sensors.nv.lidar-3.0.0] startup
[33.035s] [ext: omni.sensors.nv.radar-3.0.0] startup
[33.042s] [ext: isaacsim.sensors.experimental.rtx-1.4.6] startup
[34.843s] [ext: isaacsim.sensors.physics.nodes-1.5.3] startup
[34.872s] [ext: isaacsim.util.debug_draw-3.2.3] startup
[34.897s] [ext: isaacsim.sensors.physx-2.5.5] startup
[34.936s] [ext: isaacsim.sensors.rtx-15.17.1] startup
[34.993s] [ext: isaacsim.simulation_app-2.18.4] startup
[34.994s] [ext: omni.anim.curve.core-1.6.0] startup
[35.064s] [ext: omni.graph.ui_nodes-2.11.1] startup
[35.420s] [ext: omni.hydra.scene_api-0.1.3] startup
[35.441s] [ext: omni.kit.manipulator.camera-110.0.0] startup
[35.487s] [ext: omni.kit.manipulator.selector-1.1.4] startup
[35.502s] [ext: omni.kit.manipulator.transform-107.0.0] startup
[35.549s] [ext: omni.kit.widget.toolbar-2.1.0] startup
[35.600s] [ext: omni.kit.manipulator.tool.snap-1.5.14] startup
[35.635s] [ext: omni.kit.viewport.manipulator.transform-107.0.4] startup
[35.656s] [ext: omni.kit.manipulator.prim.core-108.0.2] startup
[35.710s] [ext: omni.kit.manipulator.prim.usd-107.0.3] startup
[35.726s] [ext: omni.kit.manipulator.prim-108.0.0] startup
[35.726s] [ext: omni.kit.manipulator.selection-109.0.1] startup
[35.742s] [ext: omni.kit.menu.create-2.0.2] startup
[35.757s] [ext: omni.kit.property.audio-1.0.16] startup
[35.781s] [ext: omni.kit.property.camera-1.0.14] startup
[35.797s] [ext: omni.kit.property.geometry-2.1.2] startup
[35.826s] [ext: omni.kit.property.light-1.0.14] startup
2026-08-24T04:46:32Z [35,900ms] [Warning] [omni.usd] Encountered USD Warnings but USD Diagnostics are currently muted. To view USD Warnings, please set the '/persistent/app/usd/muteUsdDiagnostics' setting to false in Preferences page.
[35.949s] [ext: omni.kit.property.material-1.14.6] startup
[36.024s] [ext: omni.kit.property.render-1.2.2] startup
[36.037s] [ext: omni.kit.property.transform-1.6.9] startup
[36.093s] [ext: omni.kit.property.bundle-1.5.1] startup
[36.108s] [ext: omni.kit.usdz_export-1.1.0] startup
[36.128s] [ext: omni.kit.tool.asset_importer-6.0.1] startup
[36.183s] [ext: omni.kit.ui.actions-1.0.5] startup
[36.198s] [ext: omni.kit.viewport.menubar.camera-107.0.10] startup
[36.246s] [ext: omni.kit.viewport.menubar.lighting-107.3.2] startup
[36.278s] [ext: omni.kit.viewport.menubar.render-110.0.0] startup
[36.309s] [ext: omni.kit.viewport.menubar.settings-110.0.1] startup
[36.354s] [ext: omni.kit.window.console-1.1.9] startup
[36.383s] [ext: omni.kit.window.status_bar-0.1.11] startup
[36.397s] [ext: omni.kit.window.toolbar-3.0.3] startup
[36.411s] [ext: omni.ocio-0.1.1] startup
[36.418s] [ext: omni.physx.commands-110.1.13] startup
[36.461s] [ext: omni.replicator.replicator_yaml-2.0.12] startup
[36.523s] [ext: omni.rtx.window.settings-0.8.0] startup
[36.555s] [ext: omni.rtx.settings.core-0.7.1] startup
[36.602s] [ext: omni.usd.metrics.assembler.ui-110.1.1] startup
[36.640s] [ext: semantics.schema.editor-2.0.2] startup
[36.666s] [ext: semantics.schema.property-2.0.2] startup
[36.681s] [ext: omni.kit.menu.common-2.0.2] startup
[36.694s] [ext: isaacsim.exp.base-6.0.1] startup
[36.694s] [ext: isaacsim.exp.base.python-6.0.1] startup
[36.699s] Simulation App Starting
2026-08-24T04:46:33Z [36,890ms] [Warning] [rtx.neuraylib.plugin] [LINK:PLUGIN]   0.0   LINK   plug warn : Loading /isaac-sim/extscache/omni.iray.libs-0.0.1+f9bf0dda.lx64.r/bin/iray/nvcuvid_video_decoder.so: libnvcuvid.so.1: cannot open shared object file: No such file or directory
2026-08-24T04:46:33Z [36,890ms] [Warning] [rtx.neuraylib.plugin] [LINK:PLUGIN]   0.0   LINK   plug warn : Loading .\nt-x86-64\lib\nvcuvid_video_decoder.so: .\nt-x86-64\lib\nvcuvid_video_decoder.so: cannot open shared object file: No such file or directory
2026-08-24T04:46:33Z [36,890ms] [Warning] [rtx.neuraylib.plugin] Failed to load nvcuvid h264 decoder plugin. Iray Bridge h264 support will not be available.
[41.034s] Simulation App Startup Complete
[41.050s] app ready
Starting kit application with the following args:  ['/isaac-sim/exts/isaacsim.simulation_app/isaacsim/simulation_app/simulation_app.py', '/isaac-sim/apps/isaacsim.exp.base.python.kit', '--/app/tokens/exe-path=/isaac-sim/kit', '--/persistent/app/viewport/displayOptions=3094', '--/rtx/materialDb/syncLoads=True', '--/rtx/hydra/materialSyncLoads=True', '--/omni/kit/plugin/syncUsdLoads=True', '--/app/renderer/resolution/width=1280', '--/app/renderer/resolution/height=720', '--/app/window/width=1440', '--/app/window/height=900', '--/renderer/multiGpu/enabled=True', '--/app/fastShutdown=True', '--/app/installSignalHandlers=0', '--ext-folder', '/isaac-sim/exts', '--ext-folder', '/isaac-sim/apps', '--/physics/cudaDevice=0', '--/plugins/carb.tasking.plugin/threadCount=8', '--/plugins/omni.tbb.globalcontrol/maxThreadCount=8', '--portable', '--/app/window/hideUi=1']
Passing the following args to the base kit application:  ['--no-window']
Warp 1.13.0 initialized:
   CUDA Toolkit 12.9, Driver 13.0
   Devices:
     "cpu"      : "x86_64"
     "cuda:0"   : "NVIDIA L4" (22 GiB, sm_89, mempool enabled)
   Kernel cache:
     /isaac-sim/.cache/warp/1.13.0
2026-08-24T04:46:42Z [46,001ms] [Error] [carb] 

../../../_build/target-deps/carb_sdk_plugins/include/carb/tasking/TaskingUtils.h(367): carb::tasking::TaskGroup::~TaskGroup()(): Assertion (empty()) failed: Destroying busy TaskGroup!

Assertion Failed!
The following assertion condition failed in the process 12:
	'empty()'

at the location:
	'../../../_build/target-deps/carb_sdk_plugins/include/carb/tasking/TaskingUtils.h'
	on line 367
	 in carb::tasking::TaskGroup::~TaskGroup()()

with the message:
	"Destroying busy TaskGroup!"

Press ABORT to exit.
Press RETRY to debug (attach a debugger first).
Press IGNORE to attempt to continue.
[44.438s] Hello World!
[45.007s] Simulation App Shutting Down
Fatal Python error: Aborted

Thread 0x00007475043fa6c0 (most recent call first):
  File "/isaac-sim/kit/python/lib/python3.12/concurrent/futures/thread.py", line 90 in _worker
  File "/isaac-sim/kit/python/lib/python3.12/threading.py", line 1012 in run
  File "/isaac-sim/kit/python/lib/python3.12/threading.py", line 1075 in _bootstrap_inner
  File "/isaac-sim/kit/python/lib/python3.12/threading.py", line 1032 in _bootstrap

Current thread 0x000074768eeb9780 (most recent call first):
  File "/isaac-sim/exts/isaacsim.simulation_app/isaacsim/simulation_app/simulation_app.py", line 964 in close
  File "/isaac-sim/standalone_examples/api/isaacsim.simulation_app/hello_world.py", line 30 in <module>
malloc(): unsorted double linked list corrupted
There was an error running python
./python.sh: line 69:    12 Aborted                 (core dumped) $python_exe "${filtered_args[@]}" $args
